15:05:33 **** Incremental Build of configuration Debug for project 002sizeOf ****
make -j12 all 
arm-none-eabi-size   002sizeOf.elf 
   text	   data	    bss	    dec	    hex	filename
   5392	    108	   1580	   7080	   1ba8	002sizeOf.elf
Finished building: default.size.stdout
 
15:06:01 **** Incremental Build of configuration Debug for project 002sizeOf ****
make -j12 all 
arm-none-eabi-size   002sizeOf.elf 
   text	   data	    bss	    dec	    hex	filename
   5392	    108	   1580	   7080	   1ba8	002sizeOf.elf
Finished building: default.size.stdout
 
21:30:32 **** Incremental Build of configuration Debug for project 002sizeOf ****
make -j12 all 
arm-none-eabi-size   002sizeOf.elf 
   text	   data	    bss	    dec	    hex	filename
   5392	    108	   1580	   7080	   1ba8	002sizeOf.elf
Finished building: default.size.stdout
 
