18:35:33 **** Incremental Build of configuration Debug for project 004BUTTON ****
make -j12 all 
arm-none-eabi-gcc "../Src/main.c" -mcpu=cortex-m4 -std=gnu11 -g3 -DSTM32 -DSTM32F4 -DSTM32F446RETx -DDEBUG -DNUCLEO_F446RE -c -I../Inc -O0 -ffunction-sections -fdata-sections -Wall -fstack-usage -MMD -MP -MF"Src/main.d" -MT"Src/main.o" --specs=nano.specs -mfloat-abi=soft -mthumb -o "Src/main.o"
arm-none-eabi-gcc -o "004BUTTON.elf" @"objects.list"   -mcpu=cortex-m4 -T"/home/hatilima/Hatilima/Data/STM32-C-Beginners/myCode/target/004BUTTON/STM32F446RETX_FLASH.ld" --specs=nosys.specs -Wl,-Map="004BUTTON.map" -Wl,--gc-sections -static --specs=nano.specs -mfloat-abi=soft -mthumb -Wl,--start-group -lc -lm -Wl,--end-group
Finished building target: 004BUTTON.elf
 
arm-none-eabi-objdump -h -S  004BUTTON.elf  > "004BUTTON.list"
arm-none-eabi-objcopy  -O binary  004BUTTON.elf  "004BUTTON.bin"
arm-none-eabi-size   004BUTTON.elf 
   text	   data	    bss	    dec	    hex	filename
    852	      8	   1568	   2428	    97c	004BUTTON.elf
Finished building: default.size.stdout
Finished building: 004BUTTON.bin
Finished building: 004BUTTON.list
 
 
 
18:35:37 **** Incremental Build of configuration Debug for project 004BUTTON ****
make -j12 all 
arm-none-eabi-size   004BUTTON.elf 
   text	   data	    bss	    dec	    hex	filename
    852	      8	   1568	   2428	    97c	004BUTTON.elf
Finished building: default.size.stdout
 
